// Jest Snapshot v1, https://goo.gl/fbAQLP

exports[`DefaultTocRenderer renders correctly 1`] = `
Array [
  <h2>
    Heading title
  </h2>,
  <ul
    className="ui bulleted list"
    role="list"
  />,
]
`;

exports[`DefaultTocRenderer renders correctly 2`] = `
Array [
  <h2>
    Heading title
  </h2>,
  <ul
    className="ui bulleted list"
    role="list"
  />,
]
`;
